// Vitest Snapshot v1, https://vitest.dev/guide/snapshot.html

exports[`SignIn Component > should match the snapshot 1`] = `
<DocumentFragment>
  <div
    class="flex flex-col gap-4"
  >
    <div>
      <label
        for="email"
      >
        Email:
      </label>
      <input
        aria-label="email"
        class="ant-input css-dev-only-do-not-override-kghr11 ant-input-outlined"
        id="email"
        name="email"
        type="text"
        value=""
      />
    </div>
    <div>
      <label
        for="password"
      >
        Password:
      </label>
      <input
        aria-label="password"
        class="ant-input css-dev-only-do-not-override-kghr11 ant-input-outlined"
        id="password"
        name="password"
        type="password"
        value=""
      />
    </div>
    <button
      aria-label="signIn"
      class="ant-btn css-dev-only-do-not-override-kghr11 ant-btn-primary"
      name="signIn"
      type="button"
    >
      <span>
        Log In
      </span>
    </button>
    <button
      aria-label="signUp"
      class="ant-btn css-dev-only-do-not-override-kghr11 ant-btn-default"
      name="signUp"
      type="button"
    >
      <span>
        Sign Up
      </span>
    </button>
  </div>
</DocumentFragment>
`;

exports[`SignInComponent > should match the snapshot 1`] = `
<DocumentFragment>
  <div
    class="flex flex-col gap-4"
  >
    <div>
      <label
        for="email"
      >
        Email:
      </label>
      <input
        aria-label="email"
        class="ant-input css-dev-only-do-not-override-kghr11 ant-input-outlined"
        id="email"
        name="email"
        type="text"
        value=""
      />
    </div>
    <div>
      <label
        for="password"
      >
        Password:
      </label>
      <input
        aria-label="password"
        class="ant-input css-dev-only-do-not-override-kghr11 ant-input-outlined"
        id="password"
        name="password"
        type="password"
        value=""
      />
    </div>
    <button
      aria-label="signIn"
      class="ant-btn css-dev-only-do-not-override-kghr11 ant-btn-primary"
      name="signIn"
      type="button"
    >
      <span>
        Log In
      </span>
    </button>
    <button
      aria-label="signUp"
      class="ant-btn css-dev-only-do-not-override-kghr11 ant-btn-default"
      name="signUp"
      type="button"
    >
      <span>
        Sign Up
      </span>
    </button>
  </div>
</DocumentFragment>
`;
