// Vitest Snapshot v1, https://vitest.dev/guide/snapshot.html

exports[`SignUp Component > should match the snapshot 1`] = `
<DocumentFragment>
  <div
    class="flex flex-col gap-4"
  >
    <h1>
      Sign Up
    </h1>
    <input
      aria-label="email"
      class="ant-input css-dev-only-do-not-override-kghr11 ant-input-outlined"
      placeholder="Email"
      type="text"
      value=""
    />
    <input
      aria-label="password"
      class="ant-input css-dev-only-do-not-override-kghr11 ant-input-outlined"
      placeholder="Password"
      type="password"
      value=""
    />
    <input
      aria-label="confirmPassword"
      class="ant-input css-dev-only-do-not-override-kghr11 ant-input-outlined"
      placeholder="Confirm Password"
      type="password"
      value=""
    />
    <button
      aria-label="signUp"
      class="ant-btn css-dev-only-do-not-override-kghr11 ant-btn-primary"
      type="button"
    >
      <span>
        Sign Up
      </span>
    </button>
  </div>
</DocumentFragment>
`;
